[0;32mI (98) esp_image: segment 0: paddr=00010020 vaddr=3c02002ESP-ROM:esp32s3-20210327
Build:Mar 27 2021
rst:0x15 (USB_UART_CHIP_RESET),boot:0x2b (SPI_FAST_FLASH_BOOT)
Saved PC:0x4201aee6
SPIWP:0xee
Octal Flash Mode Enabled
For OPI Flash, Use Default Flash Boot Mode
mode:SLOW_RD, clock div:1
load:0x3fce3810,len:0x178c
load:0x403c9700,len:0x4
load:0x403c9704,len:0xcbc
load:0x403cc700,len:0x2da0
entry 0x403c9914
[0;32mI (33) boot: ESP-IDF v5.2.1 2nd stage bootloader[0m
[0;32mI (33) boot: compile time May 29 2024 18:35:39[0m
[0;32mI (33) boot: Multicore bootloader[0m
[0;32mI (36) boot: chip revision: v0.1[0m
[0;32mI (40) boot.esp32s3: Boot SPI Speed : 80MHz[0m
[0;32mI (45) boot.esp32s3: SPI Mode       : SLOW READ[0m
[0;32mI (50) boot.esp32s3: SPI Flash Size : 2MB[0m
[0;32mI (55) boot: Enabling RNG early entropy source...[0m
[0;32mI (60) boot: Partition Table:[0m
[0;32mI (64) boot: ## Label            Usage          Type ST Offset   Length[0m
[0;32mI (71) boot:  0 nvs              WiFi data        01 02 00009000 00006000[0m
[0;32mI (79) boot:  1 phy_init         RF data          01 01 0000f000 00001000[0m
[0;32mI (86) boot:  2 factory          factory app      00 00 00010000 00100000[0m
[0;32mI (94) boot: End of partition table[0m
[0;32mI (98) esp_image: segment 0: paddr=00010020 vaddr=3c020020 size=0dda4h ( 56740) map[0m
[0;32mI (120) esp_image: segment 1: paddr=0001ddcc vaddr=3fc92300 size=0224ch (  8780) load[0m
[0;32mI (122) esp_image: segment 2: paddr=00020020 vaddr=42000020 size=1b800h (112640) map[0m
[0;32mI (152) esp_image: segment 3: paddr=0003b828 vaddr=3fc9454c size=00694h (  1684) load[0m
[0;32mI (153) esp_image: segment 4: paddr=0003bec4 vaddr=40374000 size=0e280h ( 57984) load[0m
[0;32mI (180) boot: Loaded app from partition at offset 0x10000[0m
[0;32mI (180) boot: Disabling RNG early entropy source...[0m
[0;32mI (191) cpu_start: Multicore app[0m
[0;32mI (200) cpu_start: Pro cpu start user code[0m
[0;32mI (201) cpu_start: cpu freq: 160000000 Hz[0m
[0;32mI (201) cpu_start: Application information:[0m
[0;32mI (204) cpu_start: Project name:     lectura_encoders[0m
[0;32mI (209) cpu_start: App version:      1[0m
[0;32mI (214) cpu_start: Compile time:     May 29 2024 18:35:37[0m
[0;32mI (220) cpu_start: ELF file SHA256:  c762413e8...[0m
[0;32mI (225) cpu_start: ESP-IDF:          v5.2.1[0m
[0;32mI (230) cpu_start: Min chip rev:     v0.0[0m
[0;32mI (235) cpu_start: Max chip rev:     v0.99 [0m
[0;32mI (240) cpu_start: Chip rev:         v0.1[0m
[0;32mI (244) heap_init: Initializing. RAM available for dynamic allocation:[0m
[0;32mI (252) heap_init: At 3FC954C8 len 00054248 (336 KiB): RAM[0m
[0;32mI (258) heap_init: At 3FCE9710 len 00005724 (21 KiB): RAM[0m
[0;32mI (264) heap_init: At 3FCF0000 len 00008000 (32 KiB): DRAM[0m
[0;32mI (270) heap_init: At 600FE010 len 00001FD8 (7 KiB): RTCRAM[0m
[0;33mW (277) spi_flash: Octal flash chip is using but dio mode is selected, will automatically swich to Octal mode[0m
[0;32mI (287) spi_flash: detected chip: mxic (opi)[0m
[0;32mI (292) spi_flash: flash io: opi_str[0m
[0;33mW (296) spi_flash: Detected size(32768k) larger than the size in the binary image header(2048k). Using the size in the binary image header.[0m
[0;32mI (309) sleep: Configure to isolate all GPIO pins in sleep state[0m
[0;32mI (316) sleep: Enable automatic switching of GPIO sleep configuration[0m
[0;32mI (323) main_task: Started on CPU0[0m
[0;32mI (333) main_task: Calling app_main()[0m
[0;32mI (333) gpio: GPIO[7]| InputEn: 1| OutputEn: 1| OpenDrain: 1| Pullup: 1| Pulldown: 0| Intr:0 [0m
[0;32mI (343) gpio: GPIO[6]| InputEn: 1| OutputEn: 1| OpenDrain: 1| Pullup: 1| Pulldown: 0| Intr:0 [0m
[0;32mI (353) Prueba: I2C configurado[0m
[0;32mI (353) Prueba: Handle configurado[0m
ESP_ERROR_CHECK failed: esp_err_t 0x105 (ESP_ERR_NOT_FOUND) at 0x42008449
file: "./main/lectura_encoders.c" line 56
func: app_main
expression: i2c_master_probe(i2c_bus_handle, I2C_SLAVE_SENSOR_ADDR, 10)

abort() was called at PC 0x40379ecf on core 0


Backtrace: 0x403758e2:0x3fc99060 0x40379ed9:0x3fc99080 0x40380241:0x3fc990a0 0x40379ecf:0x3fc99110 0x42008449:0x3fc99140 0x4201af4f:0x3fc991a0 0x4037a8c9:0x3fc991d0




ELF file SHA256: c762413e8

Rebooting...
ESP-ROM:esp32s3-20210327
Build:Mar 27 2021
rst:0xc (RTC_SW_CPU_RST),boot:0x2b (SPI_FAST_FLASH_BOOT)
Saved PC:0x40375858
SPIWP:0xee
Octal Flash Mode Enabled
For OPI Flash, Use Default Flash Boot Mode
mode:SLOW_RD, clock div:1
load:0x3fce3810,len:0x178c
load:0x403c9700,len:0x4
load:0x403c9704,len:0xcbc
load:0x403cc700,len:0x2da0
entry 0x403c9914
[0;32mI (32) boot: ESP-IDF v5.2.1 2nd stage bootloader[0m
[0;32mI (33) boot: compile time May 29 2024 18:35:39[0m
[0;32mI (33) boot: Multicore bootloader[0m
[0;32mI (36) boot: chip revision: v0.1[0m
[0;32mI (40) boot.esp32s3: Boot SPI Speed : 80MHz[0m
[0;32mI (44) boot.esp32s3: SPI Mode       : SLOW READ[0m
[0;32mI (50) boot.esp32s3: SPI Flash Size : 2MB[0m
[0;32mI (54) boot: Enabling RNG early entropy source...[0m
[0;32mI (60) boot: Partition Table:[0m
[0;32mI (63) boot: ## Label            Usage          Type ST Offset   Length[0m
[0;32mI (71) boot:  0 nvs              WiFi data        01 02 00009000 00006000[0m
[0;32mI (78) boot:  1 phy_init         RF data          01 01 0000f000 00001000[0m
[0;32mI (85) boot:  2 factory          factory app      00 00 00010000 00100000[0m
[0;32mI (93) boot: End of partition table[0m
[0;32mI (97) esp_image: segment 0: paddr=00010020 vaddr=3c020020 size=0dda4h ( 56740) map[0m
[0;32mI (119) esp_image: segment 1: paddr=0001ddcc vaddr=3fc92300 size=0224ch (  8780) load[0m
[0;32mI (122) esp_image: segment 2: paddr=00020020 vaddr=42000020 size=1b800h (112640) map[0m
[0;32mI (152) esp_image: segment 3: paddr=0003b828 vaddr=3fc9454c size=00694h (  1684) load[0m
[0;32mI (153) esp_image: segment 4: paddr=0003bec4 vaddr=40374000 size=0e280h ( 57984) load[0m
[0;32mI (179) boot: Loaded app from partition at offset 0x10000[0m
[0;32mI (179) boot: Disabling RNG early entropy source...[0m
[0;32mI (191) cpu_start: Multicore app[0m
[0;32mI (200) cpu_start: Pro cpu start user code[0m
[0;32mI (200) cpu_start: cpu freq: 160000000 Hz[0m
[0;32mI (200) cpu_start: Application information:[0m
[0;32mI (203) cpu_start: Project name:     lectura_encoders[0m
[0;32mI (209) cpu_start: App version:      1[0m
[0;32mI (213) cpu_start: Compile time:     May 29 2024 18:35:37[0m
[0;32mI (219) cpu_start: ELF file SHA256:  c762413e8...[0m
[0;32mI (225) cpu_start: ESP-IDF:          v5.2.1[0m
[0;32mI (230) cpu_start: Min chip rev:     v0.0[0m
[0;32mI (234) cpu_start: Max chip rev:     v0.99 [0m
[0;32mI (239) cpu_start: Chip rev:         v0.1[0m
[0;32mI (244) heap_init: Initializing. RAM available for dynamic allocation:[0m
[0;32mI (251) heap_init: At 3FC954C8 len 00054248 (336 KiB): RAM[0m
[0;32mI (257) heap_init: At 3FCE9710 len 00005724 (21 KiB): RAM[0m
[0;32mI (263) heap_init: At 3FCF0000 len 00008000 (32 KiB): DRAM[0m
[0;32mI (269) heap_init: At 600FE010 len 00001FD8 (7 KiB): RTCRAM[0m
[0;33mW (276) spi_flash: Octal flash chip is using but dio mode is selected, will automatically swich to Octal mode[0m
[0;32mI (286) spi_flash: detected chip: mxic (opi)[0m
[0;32mI (291) spi_flash: flash io: opi_str[0m
[0;33mW (295) spi_flash: Detected size(32768k) larger than the size in the binary image header(2048k). Using the size in the binary image header.[0m
[0;32mI (309) sleep: Configure to isolate all GPIO pins in sleep state[0m
[0;32mI (316) sleep: Enable automatic switching of GPIO sleep configuration[0m
[0;32mI (323) main_task: Started on CPU0[0m
[0;32mI (333) main_task: Calling app_main()[0m
[0;32mI (333) gpio: GPIO[7]| InputEn: 1| OutputEn: 1| OpenDrain: 1| Pullup: 1| Pulldown: 0| Intr:0 [0m
[0;32mI (343) gpio: GPIO[6]| InputEn: 1| OutputEn: 1| OpenDrain: 1| Pullup: 1| Pulldown: 0| Intr:0 [0m
[0;32mI (353) Prueba: I2C configurado[0m
[0;32mI (353) Prueba: Handle configurado[0m
ESP_ERROR_CHECK failed: esp_err_t 0x105 (ESP_ERR_NOT_FOUND) at 0x42008449
file: "./main/lectura_encoders.c" line 56
func: app_main
expression: i2c_master_probe(i2c_bus_handle, I2C_SLAVE_SENSOR_ADDR, 10)

abort() was called at PC 0x40379ecf on core 0


Backtrace: 0x403758e2:0x3fc99060 0x40379ed9:0x3fc99080 0x40380241:0x3fc990a0 0x40379ecf:0x3fc99110 0x42008449:0x3fc99140 0x4201af4f:0x3fc991a0 0x4037a8c9:0x3fc991d0




ELF file SHA256: c762413e8

Rebooting...
ESP-ROM:esp32s3-20210327
Build:Mar 27 2021
rst:0xc (RTC_SW_CPU_RST),boot:0x2b (SPI_FAST_FLASH_BOOT)
Saved PC:0x40375858
SPIWP:0xee
Octal Flash Mode Enabled
For OPI Flash, Use Default Flash Boot Mode
mode:SLOW_RD, clock div:1
load:0x3fce3810,len:0x178c
load:0x403c9700,len:0x4
load:0x403c9704,len:0xcbc
load:0x403cc700,len:0x2da0
entry 0x403c9914
[0;32mI (32) boot: ESP-IDF v5.2.1 2nd stage bootloader[0m
[0;32mI (33) boot: compile time May 29 2024 18:35:39[0m
[0;32mI (33) boot: Multicore bootloader[0m
[0;32mI (36) boot: chip revision: v0.1[0m
[0;32mI (40) boot.esp32s3: Boot SPI Speed : 80MHz[0m
[0;32mI (44) boot.esp32s3: SPI Mode       : SLOW READ[0m
[0;32mI (50) boot.esp32s3: SPI Flash Size : 2MB[0m
[0;32mI (54) boot: Enabling RNG early entropy source...[0m
[0;32mI (60) boot: Partition Table:[0m
[0;32mI (63) boot: ## Label            Usage          Type ST Offset   Length[0m
[0;32mI (71) boot:  0 nvs              WiFi data        01 02 00009000 00006000[0m
[0;32mI (78) boot:  1 phy_init         RF data          01 01 0000f000 00001000[0m
[0;32mI (85) boot:  2 factory          factory app      00 00 00010000 00100000[0m
[0;32mI (93) boot: End of partition table[0m
[0;32mI (97) esp_image: segment 0: paddr=00010020 vaddr=3c020020 size=0dda4h ( 56740) map[0m
[0;32mI (119) esp_image: segment 1: paddr=0001ddcc vaddr=3fc92300 size=0224ch (  8780) load[0m
[0;32mI (122) esp_image: segment 2: paddr=00020020 vaddr=42000020 size=1b800h (112640) map[0m
[0;32mI (152) esp_image: segment 3: paddr=0003b828 vaddr=3fc9454c size=00694h (  1684) load[0m
[0;32mI (153) esp_image: segment 4: paddr=0003bec4 vaddr=40374000 size=0e280h ( 57984) load[0m
[0;32mI (179) boot: Loaded app from partition at offset 0x10000[0m
[0;32mI (179) boot: Disabling RNG early entropy source...[0m
[0;32mI (191) cpu_start: Multicore app[0m
[0;32mI (200) cpu_start: Pro cpu start user code[0m
[0;32mI (200) cpu_start: cpu freq: 160000000 Hz[0m
[0;32mI (200) cpu_start: Application information:[0m
[0;32mI (203) cpu_start: Project name:     lectura_encoders[0m
[0;32mI (209) cpu_start: App version:      1[0m
[0;32mI (213) cpu_start: Compile time:     May 29 2024 18:35:37[0m
[0;32mI (219) cpu_start: ELF file SHA256:  c762413e8...[0m
[0;32mI (225) cpu_start: ESP-IDF:          v5.2.1[0m
[0;32mI (230) cpu_start: Min chip rev:     v0.0[0m
[0;32mI (234) cpu_start: Max chip rev:     v0.99 [0m
[0;32mI (239) cpu_start: Chip rev:         v0.1[0m
[0;32mI (244) heap_init: Initializing. RAM available for dynamic allocation:[0m
[0;32mI (251) heap_init: At 3FC954C8 len 00054248 (336 KiB): RAM[0m
[0;32mI (257) heap_init: At 3FCE9710 len 00005724 (21 KiB): RAM[0m
[0;32mI (263) heap_init: At 3FCF0000 len 00008000 (32 KiB): DRAM[0m
[0;32mI (269) heap_init: At 600FE010 len 00001FD8 (7 KiB): RTCRAM[0m
[0;33mW (276) spi_flash: Octal flash chip is using but dio mode is selected, will automatically swich to Octal mode[0m
[0;32mI (286) spi_flash: detected chip: mxic (opi)[0m
[0;32mI (291) spi_flash: flash io: opi_str[0m
[0;33mW (295) spi_flash: Detected size(32768k) larger than the size in the binary image header(2048k). Using the size in the binary image header.[0m
[0;32mI (309) sleep: Configure to isolate all GPIO pins in sleep state[0m
[0;32mI (316) sleep: Enable automatic switching of GPIO sleep configuration[0m
[0;32mI (323) main_task: Started on CPU0[0m
[0;32mI (333) main_task: Calling app_main()[0m
[0;32mI (333) gpio: GPIO[7]| InputEn: 1| OutputEn: 1| OpenDrain: 1| Pullup: 1| Pulldown: 0| Intr:0 [0m
[0;32mI (343) gpio: GPIO[6]| InputEn: 1| OutputEn: 1| OpenDrain: 1| Pullup: 1| Pulldown: 0| Intr:0 [0m
[0;32mI (353) Prueba: I2C configurado[0m
[0;32mI (353) Prueba: Handle configurado[0m
ESP_ERROR_CHECK failed: esp_err_t 0x105 (ESP_ERR_NOT_FOUND) at 0x42008449
file: "./main/lectura_encoders.c" line 56
func: app_main
expression: i2c_master_probe(i2c_bus_handle, I2C_SLAVE_SENSOR_ADDR, 10)

abort() was called at PC 0x40379ecf on core 0


Backtrace: 0x403758e2:0x3fc99060 0x40379ed9:0x3fc99080 0x40380241:0x3fc990a0 0x40379ecf:0x3fc99110 0x42008449:0x3fc99140 0x4201af4f:0x3fc991a0 0x4037a8c9:0x3fc991d0




ELF file SHA256: c762413e8

Rebooting...
ESP-ROM:esp32s3-20210327
Build:Mar 27 2021
rst:0xc (RTC_SW_CPU_RST),boot:0x2b (SPI_FAST_FLASH_BOOT)
Saved PC:0x40375858
SPIWP:0xee
Octal Flash Mode Enabled
For OPI Flash, Use Default Flash Boot Mode
mode:SLOW_RD, clock div:1
load:0x3fce3810,len:0x178c
load:0x403c9700,len:0x4
load:0x403c9704,len:0xcbc
load:0x403cc700,len:0x2da0
entry 0x403c9914
[0;32mI (32) boot: ESP-IDF v5.2.1 2nd stage bootloader[0m
[0;32mI (33) boot: compile time May 29 2024 18:35:39[0m
[0;32mI (33) boot: Multicore bootloader[0m
[0;32mI (36) boot: chip revision: v0.1[0m
[0;32mI (40) boot.esp32s3: Boot SPI Speed : 80MHz[0m
[0;32mI (44) boot.esp32s3: SPI Mode       : SLOW READ[0m
[0;32mI (50) boot.esp32s3: SPI Flash Size : 2MB[0m
[0;32mI (54) boot: Enabling RNG early entropy source...[0m
[0;32mI (60) boot: Partition Table:[0m
[0;32mI (63) boot: ## Label            Usage          Type ST Offset   Length[0m
[0;32mI (71) boot:  0 nvs              WiFi data        01 02 00009000 00006000[0m
[0;32mI (78) boot:  1 phy_init         RF data          01 01 0000f000 00001000[0m
[0;32mI (85) boot:  2 factory          factory app      00 00 00010000 00100000[0m
[0;32mI (93) boot: End of partition table[0m
[0;32mI (97) esp_image: segment 0: paddr=00010020 vaddr=3c020020 size=0dda4h ( 56740) map[0m
[0;32mI (119) esp_image: segment 1: paddr=0001ddcc vaddr=3fc92300 size=0224ch (  8780) load[0m
[0;32mI (122) esp_image: segment 2: paddr=00020020 vaddr=42000020 size=1b800h (112640) map[0m
[0;32mI (152) esp_image: segment 3: paddr=0003b828 vaddr=3fc9454c size=00694h (  1684) load[0m
[0;32mI (153) esp_image: segment 4: paddr=0003bec4 vaddr=40374000 size=0e280h ( 57984) load[0m
[0;32mI (179) boot: Loaded app from partition at offset 0x10000[0m
[0;32mI (179) boot: Disabling RNG early entropy source...[0m
[0;32mI (191) cpu_start: Multicore app[0m
[0;32mI (200) cpu_start: Pro cpu start user code[0m
[0;32mI (200) cpu_start: cpu freq: 160000000 Hz[0m
[0;32mI (200) cpu_start: Application information:[0m
[0;32mI (203) cpu_start: Project name:     lectura_encoders[0m
[0;32mI (209) cpu_start: App version:      1[0m
[0;32mI (213) cpu_start: Compile time:     May 29 2024 18:35:37[0m
[0;32mI (219) cpu_start: ELF file SHA256:  c762413e8...[0m
[0;32mI (225) cpu_start: ESP-IDF:          v5.2.1[0m
[0;32mI (230) cpu_start: Min chip rev:     v0.0[0m
[0;32mI (234) cpu_start: Max chip rev:     v0.99 [0m
[0;32mI (239) cpu_start: Chip rev:         v0.1[0m
[0;32mI (244) heap_init: Initializing. RAM available for dynamic allocation:[0m
[0;32mI (251) heap_init: At 3FC954C8 len 00054248 (336 KiB): RAM[0m
[0;32mI (257) heap_init: At 3FCE9710 len 00005724 (21 KiB): RAM[0m
[0;32mI (263) heap_init: At 3FCF0000 len 00008000 (32 KiB): DRAM[0m
[0;32mI (269) heap_init: At 600FE010 len 00001FD8 (7 KiB): RTCRAM[0m
[0;33mW (276) spi_flash: Octal flash chip is using but dio mode is selected, will automatically swich to Octal mode[0m
[0;32mI (286) spi_flash: detected chip: mxic (opi)[0m
[0;32mI (291) spi_flash: flash io: opi_str[0m
[0;33mW (295) spi_flash: Detected size(32768k) larger than the size in the binary image header(2048k). Using the size in the binary image header.[0m
[0;32mI (309) sleep: Configure to isolate all GPIO pins in sleep state[0m
[0;32mI (316) sleep: Enable automatic switching of GPIO sleep configuration[0m
[0;32mI (323) main_task: Started on CPU0[0m
[0;32mI (333) main_task: Calling app_main()[0m
[0;32mI (333) gpio: GPIO[7]| InputEn: 1| OutputEn: 1| OpenDrain: 1| Pullup: 1| Pulldown: 0| Intr:0 [0m
[0;32mI (343) gpio: GPIO[6]| InputEn: 1| OutputEn: 1| OpenDrain: 1| Pullup: 1| Pulldown: 0| Intr:0 [0m
[0;32mI (353) Prueba: I2C configurado[0m
[0;32mI (353) Prueba: Handle configurado[0m
ESP_ERROR_CHECK failed: esp_err_t 0x105 (ESP_ERR_NOT_FOUND) at 0x42008449
file: "./main/lectura_encoders.c" line 56
func: app_main
expression: i2c_master_probe(i2c_bus_handle, I2C_SLAVE_SENSOR_ADDR, 10)

abort() was called at PC 0x40379ecf on core 0


Backtrace: 0x403758e2:0x3fc99060 0x40379ed9:0x3fc99080 0x40380241:0x3fc990a0 0x40379ecf:0x3fc99110 0x42008449:0x3fc99140 0x4201af4f:0x3fc991a0 0x4037a8c9:0x3fc991d0




ELF file SHA256: c762413e8

Rebooting...
ESP-ROM:esp32s3-20210327
Build:Mar 27 2021
rst:0xc (RTC_SW_CPU_RST),boot:0x2b (SPI_FAST_FLASH_BOOT)
Saved PC:0x40375858
SPIWP:0xee
Octal Flash Mode Enabled
For OPI Flash, Use Default Flash Boot Mode
mode:SLOW_RD, clock div:1
load:0x3fce3810,len:0x178c
load:0x403c9700,len:0x4
load:0x403c9704,len:0xcbc
load:0x403cc700,len:0x2da0
entry 0x403c9914
[0;32mI (32) boot: ESP-IDF v5.2.1 2nd stage bootloader[0m
[0;32mI (33) boot: compile time May 29 2024 18:35:39[0m
[0;32mI (33) boot: Multicore bootloader[0m
[0;32mI (36) boot: chip revision: v0.1[0m
[0;32mI (40) boot.esp32s3: Boot SPI Speed : 80MHz[0m
[0;32mI (44) boot.esp32s3: SPI Mode       : SLOW READ[0m
[0;32mI (50) boot.esp32s3: SPI Flash Size : 2MB[0m
[0;32mI (54) boot: Enabling RNG early entropy source...[0m
[0;32mI (60) boot: Partition Table:[0m
[0;32mI (63) boot: ## Label            Usage          Type ST Offset   Length[0m
[0;32mI (71) boot:  0 nvs              WiFi data        01 02 00009000 00006000[0m
[0;32mI (78) boot:  1 phy_init         RF data          01 01 0000f000 00001000[0m
[0;32mI (85) boot:  2 factory          factory app      00 00 00010000 00100000[0m
[0;32mI (93) boot: End of partition table[0m
[0;32mI (97) esp_image: segment 0: paddr=00010020 vaddr=3c020020 size=0dda4h ( 56740) map[0m
[0;32mI (119) esp_image: segment 1: paddr=0001ddcc vaddr=3fc92300 size=0224ch (  8780) load[0m
[0;32mI (122) esp_image: segment 2: paddr=00020020 vaddr=42000020 size=1b800h (112640) map[0m
[0;32mI (152) esp_image: segment 3: paddr=0003b828 vaddr=3fc9454c size=00694h (  1684) load[0m
[0;32mI (153) esp_image: segment 4: paddr=0003bec4 vaddr=40374000 size=0e280h ( 57984) load[0m
[0;32mI (179) boot: Loaded app from partition at offset 0x10000[0m
[0;32mI (179) boot: Disabling RNG early entropy source...[0m
[0;32mI (191) cpu_start: Multicore app[0m
[0;32mI (200) cpu_start: Pro cpu start user code[0m
[0;32mI (200) cpu_start: cpu freq: 160000000 Hz[0m
[0;32mI (200) cpu_start: Application information:[0m
[0;32mI (203) cpu_start: Project name:     lectura_encoders[0m
[0;32mI (209) cpu_start: App version:      1[0m
[0;32mI (213) cpu_start: Compile time:     May 29 2024 18:35:37[0m
[0;32mI (219) cpu_start: ELF file SHA256:  c762413e8...[0m
[0;32mI (225) cpu_start: ESP-IDF:          v5.2.1[0m
[0;32mI (230) cpu_start: Min chip rev:     v0.0[0m
[0;32mI (234) cpu_start: Max chip rev:     v0.99 [0m
[0;32mI (239) cpu_start: Chip rev:         v0.1[0m
[0;32mI (244) heap_init: Initializing. RAM available for dynamic allocation:[0m
[0;32mI (251) heap_init: At 3FC954C8 len 00054248 (336 KiB): RAM[0m
[0;32mI (257) heap_init: At 3FCE9710 len 00005724 (21 KiB): RAM[0m
[0;32mI (263) heap_init: At 3FCF0000 len 00008000 (32 KiB): DRAM[0m
[0;32mI (269) heap_init: At 600FE010 len 00001FD8 (7 KiB): RTCRAM[0m
[0;33mW (276) spi_flash: Octal flash chip is using but dio mode is selected, will automatically swich to Octal mode[0m
[0;32mI (286) spi_flash: detected chip: mxic (opi)[0m
[0;32mI (291) spi_flash: flash io: opi_str[0m
[0;33mW (295) spi_flash: Detected size(32768k) larger than the size in the binary image header(2048k). Using the size in the binary image header.[0m
[0;32mI (309) sleep: Configure to isolate all GPIO pins in sleep state[0m
[0;32mI (316) sleep: Enable automatic switching of GPIO sleep configuration[0m
[0;32mI (323) main_task: Started on CPU0[0m
[0;32mI (333) main_task: Calling app_main()[0m
[0;32mI (333) gpio: GPIO[7]| InputEn: 1| OutputEn: 1| OpenDrain: 1| Pullup: 1| Pulldown: 0| Intr:0 [0m
[0;32mI (343) gpio: GPIO[6]| InputEn: 1| OutputEn: 1| OpenDrain: 1| Pullup: 1| Pulldown: 0| Intr:0 [0m
[0;32mI (353) Prueba: I2C configurado[0m
[0;32mI (353) Prueba: Handle configurado[0m
ESP_ERROR_CHECK failed: esp_err_t 0x105 (ESP_ERR_NOT_FOUND) at 0x42008449
file: "./main/lectura_encoders.c" line 56
func: app_main
expression: i2c_master_probe(i2c_bus_handle, I2C_SLAVE_SENSOR_ADDR, 10)

abort() was called at PC 0x40379ecf on core 0


Backtrace: 0x403758e2:0x3fc99060 0x40379ed9:0x3fc99080 0x40380241:0x3fc990a0 0x40379ecf:0x3fc99110 0x42008449:0x3fc99140 0x4201af4f:0x3fc991a0 0x4037a8c9:0x3fc991d0




ELF file SHA256: c762413e8
