ESP-ROM:esp32s3-20210327
Build:Mar 27 2021
rst:0x15 (USB_UART_CHIP_RESET),boot:0x29 (SPI_FAST_FLASH_BOOT)
Saved PC:0x40378636
SPIWP:0xee
Octal Flash Mode Enabled
For OPI Flash, Use Default Flash Boot Mode
mode:SLOW_RD, clock div:1
load:0x3fce3810,len:0x178c
load:0x403c9700,len:0x4
load:0x403c9704,len:0xcbc
load:0x403cc700,len:0x2da0
entry 0x403c9914
[0;32mI (33) boot: ESP-IDF v5.2.1 2nd stage bootloader[0m
[0;32mI (33) boot: compile time May 29 2024 18:35:39[0m
[0;32mI (33) boot: Multicore bootloader[0m
[0;32mI (36) boot: chip revision: v0.1[0m
[0;32mI (40) boot.esp32s3: Boot SPI Speed : 80MHz[0m
[0;32mI (45) boot.esp32s3: SPI Mode       : SLOW READ[0m
[0;32mI (50) boot.esp32s3: SPI Flash Size : 2MB[0m
[0;32mI (55) boot: Enabling RNG early entropy source...[0m
[0;32mI (60) boot: Partition Table:[0m
[0;32mI (64) boot: ## Label            Usage          Type ST Offset   Length[0m
[0;32mI (71) boot:  0 nvs              WiFi data        01 02 00009000 00006000[0m
[0;32mI (79) boot:  1 phy_init         RF data          01 01 0000f000 00001000[0m
[0;32mI (86) boot:  2 factory          factory app      00 00 00010000 00100000[0m
[0;32mI (94) boot: End of partition table[0m
[0;32mI (98) esp_image: segment 0: paddr=00010020 vaddr=3c020020 size=0e204h ( 57860) map[0m
[0;32mI (120) esp_image: segment 1: paddr=0001e22c vaddr=3fc92400 size=01dech (  7660) load[0m
[0;32mI (122) esp_image: segment 2: paddr=00020020 vaddr=42000020 size=1c840h (116800) map[0m
[0;32mI (153) esp_image: segment 3: paddr=0003c868 vaddr=3fc941ec size=00af4h (  2804) load[0m
[0;32mI (155) esp_image: segment 4: paddr=0003d364 vaddr=40374000 size=0e398h ( 58264) load[0m
[0;32mI (181) boot: Loaded app from partition at offset 0x10000[0m
[0;32mI (181) boot: Disabling RNG early entropy source...[0m
[0;32mI (193) cpu_start: Multicore app[0m
[0;32mI (202) cpu_start: Pro cpu start user code[0m
[0;32mI (202) cpu_start: cpu freq: 160000000 Hz[0m
[0;32mI (202) cpu_start: Application information:[0m
[0;32mI (205) cpu_start: Project name:     lectura_encoders[0m
[0;32mI (211) cpu_start: App version:      1[0m
[0;32mI (215) cpu_start: Compile time:     May 29 2024 18:35:37[0m
[0;32mI (221) cpu_start: ELF file SHA256:  83f079358...[0m
[0;32mI (227) cpu_start: ESP-IDF:          v5.2.1[0m
[0;32mI (231) cpu_start: Min chip rev:     v0.0[0m
[0;32mI (236) cpu_start: Max chip rev:     v0.99 [0m
[0;32mI (241) cpu_start: Chip rev:         v0.1[0m
[0;32mI (246) heap_init: Initializing. RAM available for dynamic allocation:[0m
[0;32mI (253) heap_init: At 3FC955D0 len 00054140 (336 KiB): RAM[0m
[0;32mI (259) heap_init: At 3FCE9710 len 00005724 (21 KiB): RAM[0m
[0;32mI (265) heap_init: At 3FCF0000 len 00008000 (32 KiB): DRAM[0m
[0;32mI (271) heap_init: At 600FE010 len 00001FD8 (7 KiB): RTCRAM[0m
[0;33mW (278) spi_flash: Octal flash chip is using but dio mode is selected, will automatically swich to Octal mode[0m
[0;32mI (288) spi_flash: detected chip: mxic (opi)[0m
[0;32mI (293) spi_flash: flash io: opi_str[0m
[0;33mW (297) spi_flash: Detected size(32768k) larger than the size in the binary image header(2048k). Using the size in the binary image header.[0m
[0;32mI (311) sleep: Configure to isolate all GPIO pins in sleep state[0m
[0;32mI (317) sleep: Enable automatic switching of GPIO sleep configuration[0m
[0;32mI (325) main_task: Started on CPU0[0m
[0;32mI (335) main_task: Calling app_main()[0m
[0;32mI (335) gpio: GPIO[7]| InputEn: 1| OutputEn: 1| OpenDrain: 1| Pullup: 1| Pulldown: 0| Intr:0 [0m
[0;32mI (345) gpio: GPIO[6]| InputEn: 1| OutputEn: 1| OpenDrain: 1| Pullup: 1| Pulldown: 0| Intr:0 [0m
[0;32mI (355) Prueba: I2C configurado[0m
[0;32mI (355) Prueba: Handle 1 configurado[0m
[0;32mI (395) Prueba: Reset handle configurado[0m
[0;32mI (395) Prueba: Encoder Reiniciado[0m
[0;32mI (395) Prueba: Al parecer se ha configurado el sensor de manera exitosa[0m
[0;32mI (395) Prueba: El valor crudo es el siguiente para Bx: 27 y para By: 227[0m
[0;32mI (405) Prueba: El valor procesado es el siguiente para Bx: 43.71mT y para By: -44.10mt[0m
[0;32mI (415) Prueba: Rotacion: 347.09[0m
[0;32mI (915) Prueba: El valor crudo es el siguiente para Bx: 27 y para By: 227[0m
[0;32mI (915) Prueba: El valor procesado es el siguiente para Bx: 43.71mT y para By: -44.00mt[0m
[0;32mI (915) Prueba: Rotacion: 347.02[0m
[0;32mI (1415) Prueba: El valor crudo es el siguiente para Bx: 27 y para By: 227[0m
[0;32mI (1415) Prueba: El valor procesado es el siguiente para Bx: 43.81mT y para By: -45.47mt[0m
[0;32mI (1415) Prueba: Rotacion: 347.90[0m
[0;32mI (1915) Prueba: El valor crudo es el siguiente para Bx: 27 y para By: 227[0m
[0;32mI (1915) Prueba: El valor procesado es el siguiente para Bx: 43.81mT y para By: -44.10mt[0m
[0;32mI (1915) Prueba: Rotacion: 347.02[0m
[0;32mI (2415) Prueba: El valor crudo es el siguiente para Bx: 27 y para By: 227[0m
[0;32mI (2415) Prueba: El valor procesado es el siguiente para Bx: 43.51mT y para By: -45.37mt[0m
[0;32mI (2415) Prueba: Rotacion: 348.03[0m
[0;32mI (2915) Prueba: El valor crudo es el siguiente para Bx: 27 y para By: 228[0m
[0;32mI (2915) Prueba: El valor procesado es el siguiente para Bx: 43.71mT y para By: -42.43mt[0m
[0;32mI (2915) Prueba: Rotacion: 345.98[0m
[0;32mI (3415) Prueba: El valor crudo es el siguiente para Bx: 27 y para By: 227[0m
[0;32mI (3415) Prueba: El valor procesado es el siguiente para Bx: 43.61mT y para By: -44.39mt[0m
[0;32mI (3415) Prueba: Rotacion: 347.34[0m
[0;32mI (3915) Prueba: El valor crudo es el siguiente para Bx: 30 y para By: 231[0m
[0;32mI (3915) Prueba: El valor procesado es el siguiente para Bx: 48.22mT y para By: -38.12mt[0m
[0;32mI (3915) Prueba: Rotacion: 340.16[0m
[0;32mI (4415) Prueba: El valor crudo es el siguiente para Bx: 40 y para By: 255[0m
[0;32mI (4415) Prueba: El valor procesado es el siguiente para Bx: 63.50mT y para By: -1.57mt[0m
[0;32mI (4415) Prueba: Rotacion: 303.24[0m
[0;32mI (4915) Prueba: El valor crudo es el siguiente para Bx: 40 y para By: 255[0m
[0;32mI (4915) Prueba: El valor procesado es el siguiente para Bx: 63.60mT y para By: -0.20mt[0m
[0;32mI (4915) Prueba: Rotacion: 302.01[0m
[0;32mI (5415) Prueba: El valor crudo es el siguiente para Bx: 40 y para By: 255[0m
[0;32mI (5415) Prueba: El valor procesado es el siguiente para Bx: 62.72mT y para By: -0.88mt[0m
[0;32mI (5415) Prueba: Rotacion: 302.64[0m
[0;32mI (5915) Prueba: El valor crudo es el siguiente para Bx: 38 y para By: 248[0m
[0;32mI (5915) Prueba: El valor procesado es el siguiente para Bx: 60.76mT y para By: -11.66mt[0m
[0;32mI (5915) Prueba: Rotacion: 312.70[0m
[0;32mI (6415) Prueba: El valor crudo es el siguiente para Bx: 27 y para By: 227[0m
[0;32mI (6415) Prueba: El valor procesado es el siguiente para Bx: 43.81mT y para By: -44.00mt[0m
[0;32mI (6415) Prueba: Rotacion: 346.96[0m
[0;32mI (6915) Prueba: El valor crudo es el siguiente para Bx: 23 y para By: 224[0m
[0;32mI (6915) Prueba: El valor procesado es el siguiente para Bx: 36.16mT y para By: -49.88mt[0m
[0;32mI (6915) Prueba: Rotacion: 355.89[0m
[0;32mI (7415) Prueba: El valor crudo es el siguiente para Bx: 23 y para By: 224[0m
[0;32mI (7415) Prueba: El valor procesado es el siguiente para Bx: 36.06mT y para By: -49.69mt[0m
[0;32mI (7415) Prueba: Rotacion: 355.86[0m
[0;32mI (7915) Prueba: El valor crudo es el siguiente para Bx: 23 y para By: 224[0m
[0;32mI (7915) Prueba: El valor procesado es el siguiente para Bx: 37.53mT y para By: -49.59mt[0m
[0;32mI (7915) Prueba: Rotacion: 354.71[0m
[0;32mI (8415) Prueba: El valor crudo es el siguiente para Bx: 24 y para By: 224[0m
[0;32mI (8415) Prueba: El valor procesado es el siguiente para Bx: 37.63mT y para By: -49.69mt[0m
[0;32mI (8415) Prueba: Rotacion: 354.69[0m
[0;32mI (8915) Prueba: El valor crudo es el siguiente para Bx: 23 y para By: 224[0m
[0;32mI (8915) Prueba: El valor procesado es el siguiente para Bx: 36.06mT y para By: -49.78mt[0m
[0;32mI (8915) Prueba: Rotacion: 355.91[0m
[0;32mI (9415) Prueba: El valor crudo es el siguiente para Bx: 23 y para By: 224[0m
[0;32mI (9415) Prueba: El valor procesado es el siguiente para Bx: 36.16mT y para By: -49.59mt[0m
[0;32mI (9415) Prueba: Rotacion: 355.73[0m
