[0;32mI (120) esp_image: segment 1: paddr=0001e08c vaddr=3fc924ESP-ROM:esp32s3-20210327
Build:Mar 27 2021
rst:0x15 (USB_UART_CHIP_RESET),boot:0x9 (SPI_FAST_FLASH_BOOT)
Saved PC:0x40378636
SPIWP:0xee
Octal Flash Mode Enabled
For OPI Flash, Use Default Flash Boot Mode
mode:SLOW_RD, clock div:1
load:0x3fce3810,len:0x178c
load:0x403c9700,len:0x4
load:0x403c9704,len:0xcbc
load:0x403cc700,len:0x2da0
entry 0x403c9914
[0;32mI (33) boot: ESP-IDF v5.2.1 2nd stage bootloader[0m
[0;32mI (33) boot: compile time May 29 2024 18:35:39[0m
[0;32mI (33) boot: Multicore bootloader[0m
[0;32mI (36) boot: chip revision: v0.1[0m
[0;32mI (40) boot.esp32s3: Boot SPI Speed : 80MHz[0m
[0;32mI (45) boot.esp32s3: SPI Mode       : SLOW READ[0m
[0;32mI (50) boot.esp32s3: SPI Flash Size : 2MB[0m
[0;32mI (55) boot: Enabling RNG early entropy source...[0m
[0;32mI (60) boot: Partition Table:[0m
[0;32mI (64) boot: ## Label            Usage          Type ST Offset   Length[0m
[0;32mI (71) boot:  0 nvs              WiFi data        01 02 00009000 00006000[0m
[0;32mI (78) boot:  1 phy_init         RF data          01 01 0000f000 00001000[0m
[0;32mI (86) boot:  2 factory          factory app      00 00 00010000 00100000[0m
[0;32mI (93) boot: End of partition table[0m
[0;32mI (98) esp_image: segment 0: paddr=00010020 vaddr=3c020020 size=0e064h ( 57444) map[0m
[0;32mI (120) esp_image: segment 1: paddr=0001e08c vaddr=3fc92400 size=01f8ch (  8076) load[0m
[0;32mI (122) esp_image: segment 2: paddr=00020020 vaddr=42000020 size=1c0a0h (114848) map[0m
[0;32mI (153) esp_image: segment 3: paddr=0003c0c8 vaddr=3fc9438c size=00954h (  2388) load[0m
[0;32mI (154) esp_image: segment 4: paddr=0003ca24 vaddr=40374000 size=0e398h ( 58264) load[0m
[0;32mI (180) boot: Loaded app from partition at offset 0x10000[0m
[0;32mI (181) boot: Disabling RNG early entropy source...[0m
[0;32mI (192) cpu_start: Multicore app[0m
[0;32mI (201) cpu_start: Pro cpu start user code[0m
[0;32mI (201) cpu_start: cpu freq: 160000000 Hz[0m
[0;32mI (201) cpu_start: Application information:[0m
[0;32mI (204) cpu_start: Project name:     lectura_encoders[0m
[0;32mI (210) cpu_start: App version:      1[0m
[0;32mI (214) cpu_start: Compile time:     May 29 2024 18:35:37[0m
[0;32mI (221) cpu_start: ELF file SHA256:  894329f55...[0m
[0;32mI (226) cpu_start: ESP-IDF:          v5.2.1[0m
[0;32mI (231) cpu_start: Min chip rev:     v0.0[0m
[0;32mI (235) cpu_start: Max chip rev:     v0.99 [0m
[0;32mI (240) cpu_start: Chip rev:         v0.1[0m
[0;32mI (245) heap_init: Initializing. RAM available for dynamic allocation:[0m
[0;32mI (252) heap_init: At 3FC955D0 len 00054140 (336 KiB): RAM[0m
[0;32mI (258) heap_init: At 3FCE9710 len 00005724 (21 KiB): RAM[0m
[0;32mI (264) heap_init: At 3FCF0000 len 00008000 (32 KiB): DRAM[0m
[0;32mI (271) heap_init: At 600FE010 len 00001FD8 (7 KiB): RTCRAM[0m
[0;33mW (277) spi_flash: Octal flash chip is using but dio mode is selected, will automatically swich to Octal mode[0m
[0;32mI (288) spi_flash: detected chip: mxic (opi)[0m
[0;32mI (292) spi_flash: flash io: opi_str[0m
[0;33mW (297) spi_flash: Detected size(32768k) larger than the size in the binary image header(2048k). Using the size in the binary image header.[0m
[0;32mI (310) sleep: Configure to isolate all GPIO pins in sleep state[0m
[0;32mI (317) sleep: Enable automatic switching of GPIO sleep configuration[0m
[0;32mI (324) main_task: Started on CPU0[0m
[0;32mI (334) main_task: Calling app_main()[0m
[0;32mI (334) gpio: GPIO[7]| InputEn: 1| OutputEn: 1| OpenDrain: 1| Pullup: 1| Pulldown: 0| Intr:0 [0m
[0;32mI (344) gpio: GPIO[6]| InputEn: 1| OutputEn: 1| OpenDrain: 1| Pullup: 1| Pulldown: 0| Intr:0 [0m
[0;32mI (354) Prueba: I2C configurado[0m
[0;32mI (394) Prueba: Handle configurado[0m
[0;32mI (394) Prueba: Prueba realizada[0m
[0;32mI (394) Prueba: Al parecer se ha configurado el sensor de manera exitosa[0m
[0;32mI (394) Prueba: El valor crudo es el siguiente para Bx: 0[0m
[0;32mI (404) Prueba: El valor crudo es el siguiente para By: 0[0m
[0;32mI (904) Prueba: El valor crudo es el siguiente para Bx: 0[0m
[0;32mI (904) Prueba: El valor crudo es el siguiente para By: 255[0m
[0;32mI (1404) Prueba: El valor crudo es el siguiente para Bx: 0[0m
[0;32mI (1404) Prueba: El valor crudo es el siguiente para By: 255[0m
[0;32mI (1904) Prueba: El valor crudo es el siguiente para Bx: 0[0m
[0;32mI (1904) Prueba: El valor crudo es el siguiente para By: 0[0m
[0;32mI (2404) Prueba: El valor crudo es el siguiente para Bx: 0[0m
[0;32mI (2404) Prueba: El valor crudo es el siguiente para By: 0[0m
[0;32mI (4404) Prueba: El valor crudo es el siguiente para Bx: 0[0m
[0;32mI (4404) Prueba: El valor crudo es el siguiente para By: 255[0m
[0;32mI (4904) Prueba: El valor crudo es el siguiente para Bx: 0[0m
[0;32mI (4904) Prueba: El valor crudo es el siguiente para By: 0[0m
[0;32mI (5404) Prueba: El valor crudo es el siguiente para Bx: 0[0m
[0;32mI (5404) Prueba: El valor crudo es el siguiente para By: 255[0m
[0;32mI (5904) Prueba: El valor crudo es el siguiente para Bx: 0[0m
[0;32mI (5904) Prueba: El valor crudo es el siguiente para By: 255[0m
Guru Meditation Error: Core  0 panic'ed (Interrupt wdt timeout on CPU0). 

Core  0 register dump:
PC      : 0x403774c3  PS      : 0x00060034  A0      : 0x803776a1  A1      : 0x3fc932c0  
A2      : 0x3fc9a5d4  A3      : 0x00000000  A4      : 0x000000e0  A5      : 0x3fc99080  
A6      : 0x00060323  A7      : 0x3fc9a8f8  A8      : 0x6500c211  A9      : 0x00060323  
A10     : 0x00000001  A11     : 0x3fc9a984  A12     : 0x00000000  A13     : 0x3fc990a0  
A14     : 0x00060323  A15     : 0x00000000  SAR     : 0x00000020  EXCCAUSE: 0x00000005  
EXCVADDR: 0x00000000  LBEG    : 0x400570e8  LEND    : 0x400570f3  LCOUNT  : 0x00000000  
Core  0 was running in ISR context:
EPC1    : 0x4201a1ef  EPC2    : 0x00000000  EPC3    : 0x00000000  EPC4    : 0x403774c3


Backtrace: 0x403774c0:0x3fc932c0 0x4037769e:0x3fc932f0 0x403762fd:0x3fc93330 0x40377175:0x3fc93350 0x4200ae8e:0x3fc99130 0x4200b06c:0x3fc99160 0x4200b133:0x3fc991a0 0x4200bce3:0x3fc991d0 0x4200850a:0x3fc99240 0x4201b7ef:0x3fc992a0 0x4037a9e1:0x3fc992d0


Core  1 register dump:
PC      : 0x40378636  PS      : 0x00060734  A0      : 0x82002d91  A1      : 0x3fc9a130  
A2      : 0x00000000  A3      : 0x00000000  A4      : 0x3fc97000  A5      : 0x3fc96fe0  
A6      : 0x403783f8  A7      : 0x00000001  A8      : 0x8200d86e  A9      : 0x3fc9a0f0  
A10     : 0x00000000  A11     : 0x00000000  A12     : 0x3fc96fe0  A13     : 0x3fc96fb0  
A14     : 0x00000001  A15     : 0x3fc9a2f8  SAR     : 0x00000000  EXCCAUSE: 0x00000005  
EXCVADDR: 0x00000000  LBEG    : 0x00000000  LEND    : 0x00000000  LCOUNT  : 0x00000000  


Backtrace: 0x40378633:0x3fc9a130 0x42002d8e:0x3fc9a150 0x4037b925:0x3fc9a170 0x4037a9e1:0x3fc9a190




ELF file SHA256: 894329f55

Rebooting...
ESP-ROM:esp32s3-20210327
Build:Mar 27 2021
rst:0xc (RTC_SW_CPU_RST),boot:0x9 (SPI_FAST_FLASH_BOOT)
Saved PC:0x40375860
SPIWP:0xee
Octal Flash Mode Enabled
For OPI Flash, Use Default Flash Boot Mode
mode:SLOW_RD, clock div:1
load:0x3fce3810,len:0x178c
load:0x403c9700,len:0x4
load:0x403c9704,len:0xcbc
load:0x403cc700,len:0x2da0
entry 0x403c9914
[0;32mI (32) boot: ESP-IDF v5.2.1 2nd stage bootloader[0m
[0;32mI (32) boot: compile time May 29 2024 18:35:39[0m
[0;32mI (33) boot: Multicore bootloader[0m
[0;32mI (36) boot: chip revision: v0.1[0m
[0;32mI (39) boot.esp32s3: Boot SPI Speed : 80MHz[0m
[0;32mI (44) boot.esp32s3: SPI Mode       : SLOW READ[0m
[0;32mI (49) boot.esp32s3: SPI Flash Size : 2MB[0m
[0;32mI (54) boot: Enabling RNG early entropy source...[0m
[0;32mI (60) boot: Partition Table:[0m
[0;32mI (63) boot: ## Label            Usage          Type ST Offset   Length[0m
[0;32mI (70) boot:  0 nvs              WiFi data        01 02 00009000 00006000[0m
[0;32mI (78) boot:  1 phy_init         RF data          01 01 0000f000 00001000[0m
[0;32mI (85) boot:  2 factory          factory app      00 00 00010000 00100000[0m
[0;32mI (93) boot: End of partition table[0m
[0;32mI (97) esp_image: segment 0: paddr=00010020 vaddr=3c020020 size=0e064h ( 57444) map[0m
[0;32mI (119) esp_image: segment 1: paddr=0001e08c vaddr=3fc92400 size=01f8ch (  8076) load[0m
[0;32mI (122) esp_image: segment 2: paddr=00020020 vaddr=42000020 size=1c0a0h (114848) map[0m
[0;32mI (152) esp_image: segment 3: paddr=0003c0c8 vaddr=3fc9438c size=00954h (  2388) load[0m
[0;32mI (153) esp_image: segment 4: paddr=0003ca24 vaddr=40374000 size=0e398h ( 58264) load[0m
[0;32mI (180) boot: Loaded app from partition at offset 0x10000[0m
[0;32mI (180) boot: Disabling RNG early entropy source...[0m
[0;32mI (191) cpu_start: Multicore app[0m
[0;32mI (201) cpu_start: Pro cpu start user code[0m
[0;32mI (201) cpu_start: cpu freq: 160000000 Hz[0m
[0;32mI (201) cpu_start: Application information:[0m
[0;32mI (204) cpu_start: Project name:     lectura_encoders[0m
[0;32mI (209) cpu_start: App version:      1[0m
[0;32mI (214) cpu_start: Compile time:     May 29 2024 18:35:37[0m
[0;32mI (220) cpu_start: ELF file SHA256:  894329f55...[0m
[0;32mI (225) cpu_start: ESP-IDF:          v5.2.1[0m
[0;32mI (230) cpu_start: Min chip rev:     v0.0[0m
[0;32mI (235) cpu_start: Max chip rev:     v0.99 [0m
[0;32mI (240) cpu_start: Chip rev:         v0.1[0m
[0;32mI (245) heap_init: Initializing. RAM available for dynamic allocation:[0m
[0;32mI (252) heap_init: At 3FC955D0 len 00054140 (336 KiB): RAM[0m
[0;32mI (258) heap_init: At 3FCE9710 len 00005724 (21 KiB): RAM[0m
[0;32mI (264) heap_init: At 3FCF0000 len 00008000 (32 KiB): DRAM[0m
[0;32mI (270) heap_init: At 600FE010 len 00001FD8 (7 KiB): RTCRAM[0m
[0;33mW (277) spi_flash: Octal flash chip is using but dio mode is selected, will automatically swich to Octal mode[0m
[0;32mI (287) spi_flash: detected chip: mxic (opi)[0m
[0;32mI (292) spi_flash: flash io: opi_str[0m
[0;33mW (296) spi_flash: Detected size(32768k) larger than the size in the binary image header(2048k). Using the size in the binary image header.[0m
[0;32mI (310) sleep: Configure to isolate all GPIO pins in sleep state[0m
[0;32mI (316) sleep: Enable automatic switching of GPIO sleep configuration[0m
[0;32mI (324) main_task: Started on CPU0[0m
[0;32mI (334) main_task: Calling app_main()[0m
[0;32mI (334) gpio: GPIO[7]| InputEn: 1| OutputEn: 1| OpenDrain: 1| Pullup: 1| Pulldown: 0| Intr:0 [0m
[0;32mI (344) gpio: GPIO[6]| InputEn: 1| OutputEn: 1| OpenDrain: 1| Pullup: 1| Pulldown: 0| Intr:0 [0m
[0;32mI (354) Prueba: I2C configurado[0m
[0;32mI (394) Prueba: Handle configurado[0m
ESP_ERROR_CHECK failed: esp_err_t 0x105 (ESP_ERR_NOT_FOUND) at 0x420084ac
file: "./main/lectura_encoders.c" line 62
func: app_main
expression: i2c_master_probe(i2c_bus_handle, I2C_SLAVE_SENSOR_ADDR, 10)

abort() was called at PC 0x40379ee7 on core 0


Backtrace: 0x403758ea:0x3fc99160 0x40379ef1:0x3fc99180 0x40380359:0x3fc991a0 0x40379ee7:0x3fc99210 0x420084ac:0x3fc99240 0x4201b7ef:0x3fc992a0 0x4037a9e1:0x3fc992d0




ELF file SHA256: 894329f55

Rebooting...
ESP-ROM:esp32s3-20210327
Build:Mar 27 2021
rst:0xc (RTC_SW_CPU_RST),boot:0x9 (SPI_FAST_FLASH_BOOT)
Saved PC:0x40375860
SPIWP:0xee
Octal Flash Mode Enabled
For OPI Flash, Use Default Flash Boot Mode
mode:SLOW_RD, clock div:1
load:0x3fce3810,len:0x178c
load:0x403c9700,len:0x4
load:0x403c9704,len:0xcbc
load:0x403cc700,len:0x2da0
entry 0x403c9914
[0;32mI (32) boot: ESP-IDF v5.2.1 2nd stage bootloader[0m
[0;32mI (32) boot: compile time May 29 2024 18:35:39[0m
[0;32mI (33) boot: Multicore bootloader[0m
[0;32mI (36) boot: chip revision: v0.1[0m
[0;32mI (39) boot.esp32s3: Boot SPI Speed : 80MHz[0m
[0;32mI (44) boot.esp32s3: SPI Mode       : SLOW READ[0m
[0;32mI (49) boot.esp32s3: SPI Flash Size : 2MB[0m
[0;32mI (54) boot: Enabling RNG early entropy source...[0m
[0;32mI (60) boot: Partition Table:[0m
[0;32mI (63) boot: ## Label            Usage          Type ST Offset   Length[0m
[0;32mI (70) boot:  0 nvs              WiFi data        01 02 00009000 00006000[0m
[0;32mI (78) boot:  1 phy_init         RF data          01 01 0000f000 00001000[0m
[0;32mI (85) boot:  2 factory          factory app      00 00 00010000 00100000[0m
[0;32mI (93) boot: End of partition table[0m
[0;32mI (97) esp_image: segment 0: paddr=00010020 vaddr=3c020020 size=0e064h ( 57444) map[0m
[0;32mI (119) esp_image: segment 1: paddr=0001e08c vaddr=3fc92400 size=01f8ch (  8076) load[0m
[0;32mI (122) esp_image: segment 2: paddr=00020020 vaddr=42000020 size=1c0a0h (114848) map[0m
[0;32mI (152) esp_image: segment 3: paddr=0003c0c8 vaddr=3fc9438c size=00954h (  2388) load[0m
[0;32mI (153) esp_image: segment 4: paddr=0003ca24 vaddr=40374000 size=0e398h ( 58264) load[0m
[0;32mI (180) boot: Loaded app from partition at offset 0x10000[0m
[0;32mI (180) boot: Disabling RNG early entropy source...[0m
[0;32mI (191) cpu_start: Multicore app[0m
[0;32mI (201) cpu_start: Pro cpu start user code[0m
[0;32mI (201) cpu_start: cpu freq: 160000000 Hz[0m
[0;32mI (201) cpu_start: Application information:[0m
[0;32mI (204) cpu_start: Project name:     lectura_encoders[0m
[0;32mI (209) cpu_start: App version:      1[0m
[0;32mI (214) cpu_start: Compile time:     May 29 2024 18:35:37[0m
[0;32mI (220) cpu_start: ELF file SHA256:  894329f55...[0m
[0;32mI (225) cpu_start: ESP-IDF:          v5.2.1[0m
[0;32mI (230) cpu_start: Min chip rev:     v0.0[0m
[0;32mI (235) cpu_start: Max chip rev:     v0.99 [0m
[0;32mI (240) cpu_start: Chip rev:         v0.1[0m
[0;32mI (245) heap_init: Initializing. RAM available for dynamic allocation:[0m
[0;32mI (252) heap_init: At 3FC955D0 len 00054140 (336 KiB): RAM[0m
[0;32mI (258) heap_init: At 3FCE9710 len 00005724 (21 KiB): RAM[0m
[0;32mI (264) heap_init: At 3FCF0000 len 00008000 (32 KiB): DRAM[0m
[0;32mI (270) heap_init: At 600FE010 len 00001FD8 (7 KiB): RTCRAM[0m
[0;33mW (277) spi_flash: Octal flash chip is using but dio mode is selected, will automatically swich to Octal mode[0m
[0;32mI (287) spi_flash: detected chip: mxic (opi)[0m
[0;32mI (292) spi_flash: flash io: opi_str[0m
[0;33mW (296) spi_flash: Detected size(32768k) larger than the size in the binary image header(2048k). Using the size in the binary image header.[0m
[0;32mI (310) sleep: Configure to isolate all GPIO pins in sleep state[0m
[0;32mI (316) sleep: Enable automatic switching of GPIO sleep configuration[0m
[0;32mI (324) main_task: Started on CPU0[0m
[0;32mI (334) main_task: Calling app_main()[0m
[0;32mI (334) gpio: GPIO[7]| InputEn: 1| OutputEn: 1| OpenDrain: 1| Pullup: 1| Pulldown: 0| Intr:0 [0m
[0;32mI (344) gpio: GPIO[6]| InputEn: 1| OutputEn: 1| OpenDrain: 1| Pullup: 1| Pulldown: 0| Intr:0 [0m
[0;32mI (354) Prueba: I2C configurado[0m
[0;32mI (394) Prueba: Handle configurado[0m
[0;32mI (394) Prueba: Prueba realizada[0m
[0;32mI (394) Prueba: Al parecer se ha configurado el sensor de manera exitosa[0m
[0;32mI (394) Prueba: El valor crudo es el siguiente para Bx: 0[0m
[0;32mI (404) Prueba: El valor crudo es el siguiente para By: 255[0m
[0;32mI (904) Prueba: El valor crudo es el siguiente para Bx: 0[0m
[0;32mI (904) Prueba: El valor crudo es el siguiente para By: 255[0m
[0;32mI (1404) Prueba: El valor crudo es el siguiente para Bx: 0[0m
[0;32mI (1404) Prueba: El valor crudo es el siguiente para By: 255[0m
[0;32mI (1904) Prueba: El valor crudo es el siguiente para Bx: 0[0m
[0;32mI (1904) Prueba: El valor crudo es el siguiente para By: 255[0m
[0;32mI (2404) Prueba: El valor crudo es el siguiente para Bx: 0[0m
[0;32mI (2404) Prueba: El valor crudo es el siguiente para By: 255[0m
[0;32mI (2904) Prueba: El valor crudo es el siguiente para Bx: 0[0m
[0;32mI (2904) Prueba: El valor crudo es el siguiente para By: 255[0m
[0;32mI (3404) Prueba: El valor crudo es el siguiente para Bx: 0[0m
[0;32mI (3404) Prueba: El valor crudo es el siguiente para By: 255[0m
[0;32mI (3904) Prueba: El valor crudo es el siguiente para Bx: 0[0m
[0;32mI (3904) Prueba: El valor crudo es el siguiente para By: 255[0m
[0;32mI (4404) Prueba: El valor crudo es el siguiente para Bx: 0[0m
[0;32mI (4404) Prueba: El valor crudo es el siguiente para By: 255[0m
[0;32mI (4904) Prueba: El valor crudo es el siguiente para Bx: 0[0m
[0;32mI (4904) Prueba: El valor crudo es el siguiente para By: 255[0m
[0;32mI (5404) Prueba: El valor crudo es el siguiente para Bx: 0[0m
[0;32mI (5404) Prueba: El valor crudo es el siguiente para By: 255[0m
[0;32mI (5904) Prueba: El valor crudo es el siguiente para Bx: 0[0m
[0;32mI (5904) Prueba: El valor crudo es el siguiente para By: 255[0m
[0;32mI (6404) Prueba: El valor crudo es el siguiente para Bx: 0[0m
[0;32mI (6404) Prueba: El valor crudo es el siguiente para By: 255[0m
[0;32mI (6904) Prueba: El valor crudo es el siguiente para Bx: 0[0m
[0;32mI (6904) Prueba: El valor crudo es el siguiente para By: 255[0m
[0;32mI (7404) Prueba: El valor crudo es el siguiente para Bx: 0[0m
[0;32mI (7404) Prueba: El valor crudo es el siguiente para By: 255[0m
[0;32mI (7904) Prueba: El valor crudo es el siguiente para Bx: 0[0m
[0;32mI (7904) Prueba: El valor crudo es el siguiente para By: 255[0m
[0;32mI (8404) Prueba: El valor crudo es el siguiente para Bx: 0[0m
[0;32mI (8404) Prueba: El valor crudo es el siguiente para By: 255[0m
[0;32mI (8904) Prueba: El valor crudo es el siguiente para Bx: 0[0m
[0;32mI (8904) Prueba: El valor crudo es el siguiente para By: 255[0m
[0;32mI (9404) Prueba: El valor crudo es el siguiente para Bx: 0[0m
[0;32mI (9404) Prueba: El valor crudo es el siguiente para By: 255[0m
[0;32mI (9904) Prueba: El valor crudo es el siguiente para Bx: 0[0m
[0;32mI (9904) Prueba: El valor crudo es el siguiente para By: 255[0m
[0;32mI (10404) Prueba: El valor crudo es el siguiente para Bx: 0[0m
[0;32mI (10404) Prueba: El valor crudo es el siguiente para By: 255[0m
[0;32mI (10904) Prueba: El valor crudo es el siguiente para Bx: 0[0m
[0;32mI (10904) Prueba: El valor crudo es el siguiente para By: 255[0m
[0;32mI (11404) Prueba: El valor crudo es el siguiente para Bx: 0[0m
[0;32mI (11404) Prueba: El valor crudo es el siguiente para By: 255[0m
[0;32mI (904) Prueba: El valor crudo es el siguiente para Bx: 0[0m
[0;32mI (904) Prueba: El valor crudo es el siguiente para By: 255[0m
[0;32mI (1404) Prueba: El valor crudo es el siguiente para Bx: 0[0m
[0;32mI (1404) Prueba: El valor crudo es el siguiente para By: 255[0m
[0;32mI (1904) Prueba: El valor crudo es el siguiente para Bx: 0[0m
[0;32mI (1904) Prueba: El valor crudo es el siguiente para By: 255[0m
[0;32mI (2404) Prueba: El valor crudo es el siguiente para Bx: 0[0m
[0;32mI (2404) Prueba: El valor crudo es el siguiente para By: 255[0m
[0;32mI (2904) Prueba: El valor crudo es el siguiente para Bx: 0[0m
[0;32mI (2904) Prueba: El valor crudo es el siguiente para By: 255[0m
[0;32mI (3404) Prueba: El valor crudo es el siguiente para Bx: 0[0m
[0;32mI (3404) Prueba: El valor crudo es el siguiente para By: 255[0m
[0;32mI (3904) Prueba: El valor crudo es el siguiente para Bx: 0[0m
[0;32mI (3904) Prueba: El valor crudo es el siguiente para By: 255[0m
[0;32mI (4404) Prueba: El valor crudo es el siguiente para Bx: 0[0m
[0;32mI (4404) Prueba: El valor crudo es el siguiente para By: 255[0m
[0;32mI (4904) Prueba: El valor crudo es el siguiente para Bx: 0[0m
[0;32mI (4904) Prueba: El valor crudo es el siguiente para By: 255[0m
[0;32mI (5404) Prueba: El valor crudo es el siguiente para Bx: 0[0m
[0;32mI (5404) Prueba: El valor crudo es el siguiente para By: 255[0m
[0;32mI (5904) Prueba: El valor crudo es el siguiente para Bx: 0[0m
[0;32mI (5904) Prueba: El valor crudo es el siguiente para By: 255[0m
[0;32mI (399) Prueba: Handle configurado[0m
[0;32mI (399) Prueba: Prueba realizada[0m
[0;32mI (399) Prueba: Al parecer se ha configurado el sensor de manera exitosa[0m
[0;32mI (399) Prueba: El valor crudo es el siguiente para Bx: 0[0m
[0;32mI (409) Prueba: El valor crudo es el siguiente para By: 255[0m
[0;32mI (909) Prueba: El valor crudo es el siguiente para Bx: 0[0m
[0;32mI (909) Prueba: El valor crudo es el siguiente para By: 0[0m
[0;32mI (1409) Prueba: El valor crudo es el siguiente para Bx: 3[0m
[0;32mI (1409) Prueba: El valor crudo es el siguiente para By: 6[0m
[0;32mI (1909) Prueba: El valor crudo es el siguiente para Bx: 36[0m
[0;32mI (1909) Prueba: El valor crudo es el siguiente para By: 11[0m
[0;32mI (2409) Prueba: El valor crudo es el siguiente para Bx: 29[0m
[0;32mI (2409) Prueba: El valor crudo es el siguiente para By: 26[0m
[0;32mI (2909) Prueba: El valor crudo es el siguiente para Bx: 17[0m
[0;32mI (2909) Prueba: El valor crudo es el siguiente para By: 37[0m
[0;32mI (3409) Prueba: El valor crudo es el siguiente para Bx: 15[0m
[0;32mI (3409) Prueba: El valor crudo es el siguiente para By: 40[0m
[0;32mI (3909) Prueba: El valor crudo es el siguiente para Bx: 44[0m
[0;32mI (3909) Prueba: El valor crudo es el siguiente para By: 18[0m
[0;32mI (4409) Prueba: El valor crudo es el siguiente para Bx: 48[0m
[0;32mI (4409) Prueba: El valor crudo es el siguiente para By: 241[0m
[0;32mI (4909) Prueba: El valor crudo es el siguiente para Bx: 255[0m
[0;32mI (4909) Prueba: El valor crudo es el siguiente para By: 0[0m
[0;32mI (5409) Prueba: El valor crudo es el siguiente para Bx: 255[0m
[0;32mI (5409) Prueba: El valor crudo es el siguiente para By: 0[0m
[0;32mI (5909) Prueba: El valor crudo es el siguiente para Bx: 255[0m
[0;32mI (5909) Prueba: El valor crudo es el siguiente para By: 0[0m
[0;32mI (6409) Prueba: El valor crudo es el siguiente para Bx: 255[0m
[0;32mI (6409) Prueba: El valor crudo es el siguiente para By: 0[0m
[0;32mI (6909) Prueba: El valor crudo es el siguiente para Bx: 255[0m
[0;32mI (6909) Prueba: El valor crudo es el siguiente para By: 0[0m
[0;32mI (7409) Prueba: El valor crudo es el siguiente para Bx: 255[0m
[0;32mI (7409) Prueba: El valor crudo es el siguiente para By: 0[0m
[0;32mI (7909) Prueba: El valor crudo es el siguiente para Bx: 255[0m
[0;32mI (7909) Prueba: El valor crudo es el siguiente para By: 0[0m
[0;32mI (8409) Prueba: El valor crudo es el siguiente para Bx: 255[0m
[0;32mI (8409) Prueba: El valor crudo es el siguiente para By: 0[0m
[0;32mI (8909) Prueba: El valor crudo es el siguiente para Bx: 255[0m
[0;32mI (8909) Prueba: El valor crudo es el siguiente para By: 255[0m
[0;32mI (9409) Prueba: El valor crudo es el siguiente para Bx: 255[0m
[0;32mI (9409) Prueba: El valor crudo es el siguiente para By: 255[0m
[0;32mI (9909) Prueba: El valor crudo es el siguiente para Bx: 0[0m
[0;32mI (9909) Prueba: El valor crudo es el siguiente para By: 0[0m
[0;32mI (10409) Prueba: El valor crudo es el siguiente para Bx: 255[0m
[0;32mI (10409) Prueba: El valor crudo es el siguiente para By: 255[0m
[0;32mI (10909) Prueba: El valor crudo es el siguiente para Bx: 255[0m
[0;32mI (10909) Prueba: El valor crudo es el siguiente para By: 0[0m
[0;32mI (11409) Prueba: El valor crudo es el siguiente para Bx: 255[0m
[0;32mI (11409) Prueba: El valor crudo es el siguiente para By: 0[0m
[0;32mI (11909) Prueba: El valor crudo es el siguiente para Bx: 233[0m
[0;32mI (11909) Prueba: El valor crudo es el siguiente para By: 14[0m
[0;32mI (12409) Prueba: El valor crudo es el siguiente para Bx: 228[0m
[0;32mI (12409) Prueba: El valor crudo es el siguiente para By: 19[0m
[0;32mI (12909) Prueba: El valor crudo es el siguiente para Bx: 227[0m
[0;32mI (12909) Prueba: El valor crudo es el siguiente para By: 19[0m
[0;32mI (13409) Prueba: El valor crudo es el siguiente para Bx: 226[0m
[0;32mI (13409) Prueba: El valor crudo es el siguiente para By: 20[0m
[0;32mI (13909) Prueba: El valor crudo es el siguiente para Bx: 226[0m
[0;32mI (13909) Prueba: El valor crudo es el siguiente para By: 20[0m
[0;32mI (14409) Prueba: El valor crudo es el siguiente para Bx: 226[0m
[0;32mI (14409) Prueba: El valor crudo es el siguiente para By: 20[0m
[0;32mI (14909) Prueba: El valor crudo es el siguiente para Bx: 226[0m
[0;32mI (14909) Prueba: El valor crudo es el siguiente para By: 20[0m
[0;32mI (15409) Prueba: El valor crudo es el siguiente para Bx: 0[0m
[0;32mI (15409) Prueba: El valor crudo es el siguiente para By: 0[0m
[0;32mI (15909) Prueba: El valor crudo es el siguiente para Bx: 0[0m
[0;32mI (15909) Prueba: El valor crudo es el siguiente para By: 255[0m
[0;32mI (16409) Prueba: El valor crudo es el siguiente para Bx: 0[0m
[0;32mI (16409) Prueba: El valor crudo es el siguiente para By: 0[0m
[0;32mI (16909) Prueba: El valor crudo es el siguiente para Bx: 0[0m
[0;32mI (16909) Prueba: El valor crudo es el siguiente para By: 255[0m
